MPLINK 5.08, LINKER
Linker Map File - Created Tue Jun 20 10:59:04 2017

                                 Section Info
                  Section       Type    Address   Location Size(Bytes)
                ---------  ---------  ---------  ---------  ---------
                   .org_0       code   0x000000    program   0x00003c
                   .cinit    romdata   0x00001e    program   0x000004
.config_2007_BUILD/DEFAULT/PRODUCTION/SEGB.O       code   0x002007    program   0x000002



                              Program Memory Usage 
                               Start         End      
                           ---------   ---------      
                            0x000000    0x00001f      
                            0x002007    0x002007      
            33 out of 1094 program addresses used, program memory utilization is 3%



                              Symbols - Sorted by Name
                     Name    Address   Location    Storage File                     
                ---------  ---------  ---------  --------- ---------                
                  GIRODER   0x00001c    program     static /Users/pedroam/Documents/Microcontroladores y microprocesadores/seguidor2.X/segB.asm
                  GIROIZQ   0x00001a    program     static /Users/pedroam/Documents/Microcontroladores y microprocesadores/seguidor2.X/segB.asm
                   INICIO   0x000000    program     static /Users/pedroam/Documents/Microcontroladores y microprocesadores/seguidor2.X/segB.asm
                     PDER   0x000014    program     static /Users/pedroam/Documents/Microcontroladores y microprocesadores/seguidor2.X/segB.asm
                     PIZQ   0x00000c    program     static /Users/pedroam/Documents/Microcontroladores y microprocesadores/seguidor2.X/segB.asm
                    RECTO   0x000008    program     static /Users/pedroam/Documents/Microcontroladores y microprocesadores/seguidor2.X/segB.asm
                    SIGUE   0x000006    program     static /Users/pedroam/Documents/Microcontroladores y microprocesadores/seguidor2.X/segB.asm



                              Symbols - Sorted by Address
                     Name    Address   Location    Storage File                     
                ---------  ---------  ---------  --------- ---------                
                   INICIO   0x000000    program     static /Users/pedroam/Documents/Microcontroladores y microprocesadores/seguidor2.X/segB.asm
                    SIGUE   0x000006    program     static /Users/pedroam/Documents/Microcontroladores y microprocesadores/seguidor2.X/segB.asm
                    RECTO   0x000008    program     static /Users/pedroam/Documents/Microcontroladores y microprocesadores/seguidor2.X/segB.asm
                     PIZQ   0x00000c    program     static /Users/pedroam/Documents/Microcontroladores y microprocesadores/seguidor2.X/segB.asm
                     PDER   0x000014    program     static /Users/pedroam/Documents/Microcontroladores y microprocesadores/seguidor2.X/segB.asm
                  GIROIZQ   0x00001a    program     static /Users/pedroam/Documents/Microcontroladores y microprocesadores/seguidor2.X/segB.asm
                  GIRODER   0x00001c    program     static /Users/pedroam/Documents/Microcontroladores y microprocesadores/seguidor2.X/segB.asm


