MPLINK 5.08, LINKER
Linker Map File - Created Tue Mar 21 09:16:15 2017

                                 Section Info
                  Section       Type    Address   Location Size(Bytes)
                ---------  ---------  ---------  ---------  ---------
                   .org_0       code   0x000000    program   0x000032
                   .cinit    romdata   0x000019    program   0x000004
.config_2007_BUILD/DEFAULT/PRODUCTION/INCH.O       code   0x002007    program   0x000002



                              Program Memory Usage 
                               Start         End      
                           ---------   ---------      
                            0x000000    0x00001a      
                            0x002007    0x002007      
            28 out of 1094 program addresses used, program memory utilization is 2%



                              Symbols - Sorted by Name
                     Name    Address   Location    Storage File                     
                ---------  ---------  ---------  --------- ---------                
                   INICIO   0x000000    program     static /Users/pedroam/Documents/Microcontroladores y microprocesadores/incrementoH.X/incH.asm
                       PR   0x000008    program     static /Users/pedroam/Documents/Microcontroladores y microprocesadores/incrementoH.X/incH.asm
                      PR2   0x00000c    program     static /Users/pedroam/Documents/Microcontroladores y microprocesadores/incrementoH.X/incH.asm
                     PRIN   0x000006    program     static /Users/pedroam/Documents/Microcontroladores y microprocesadores/incrementoH.X/incH.asm
                       TB   0x000012    program     static /Users/pedroam/Documents/Microcontroladores y microprocesadores/incrementoH.X/incH.asm
                       TC   0x000014    program     static /Users/pedroam/Documents/Microcontroladores y microprocesadores/incrementoH.X/incH.asm
                     TIME   0x000010    program     static /Users/pedroam/Documents/Microcontroladores y microprocesadores/incrementoH.X/incH.asm



                              Symbols - Sorted by Address
                     Name    Address   Location    Storage File                     
                ---------  ---------  ---------  --------- ---------                
                   INICIO   0x000000    program     static /Users/pedroam/Documents/Microcontroladores y microprocesadores/incrementoH.X/incH.asm
                     PRIN   0x000006    program     static /Users/pedroam/Documents/Microcontroladores y microprocesadores/incrementoH.X/incH.asm
                       PR   0x000008    program     static /Users/pedroam/Documents/Microcontroladores y microprocesadores/incrementoH.X/incH.asm
                      PR2   0x00000c    program     static /Users/pedroam/Documents/Microcontroladores y microprocesadores/incrementoH.X/incH.asm
                     TIME   0x000010    program     static /Users/pedroam/Documents/Microcontroladores y microprocesadores/incrementoH.X/incH.asm
                       TB   0x000012    program     static /Users/pedroam/Documents/Microcontroladores y microprocesadores/incrementoH.X/incH.asm
                       TC   0x000014    program     static /Users/pedroam/Documents/Microcontroladores y microprocesadores/incrementoH.X/incH.asm


