MPLINK 5.08, LINKER
Linker Map File - Created Tue Mar 14 14:13:22 2017

                                 Section Info
                  Section       Type    Address   Location Size(Bytes)
                ---------  ---------  ---------  ---------  ---------
                   .org_0       code   0x000000    program   0x00003a
                   .cinit    romdata   0x00001d    program   0x000004
.config_2007_BUILD/DEFAULT/PRODUCTION/DECINC.       code   0x002007    program   0x000002



                              Program Memory Usage 
                               Start         End      
                           ---------   ---------      
                            0x000000    0x00001e      
                            0x002007    0x002007      
            32 out of 1094 program addresses used, program memory utilization is 2%



                              Symbols - Sorted by Name
                     Name    Address   Location    Storage File                     
                ---------  ---------  ---------  --------- ---------                
                 DEC_CONT   0x00000e    program     static /Users/pedroam/Documents/Microcontroladores y microprocesadores/decrementoIncremento.X/decinc.asm
                 INC_CONT   0x00000c    program     static /Users/pedroam/Documents/Microcontroladores y microprocesadores/decrementoIncremento.X/decinc.asm
                   INICIO   0x000000    program     static /Users/pedroam/Documents/Microcontroladores y microprocesadores/decrementoIncremento.X/decinc.asm
                     PRIN   0x000006    program     static /Users/pedroam/Documents/Microcontroladores y microprocesadores/decrementoIncremento.X/decinc.asm
                       TA   0x000012    program     static /Users/pedroam/Documents/Microcontroladores y microprocesadores/decrementoIncremento.X/decinc.asm
                       TB   0x000014    program     static /Users/pedroam/Documents/Microcontroladores y microprocesadores/decrementoIncremento.X/decinc.asm
                       TC   0x000016    program     static /Users/pedroam/Documents/Microcontroladores y microprocesadores/decrementoIncremento.X/decinc.asm
                     TIME   0x000010    program     static /Users/pedroam/Documents/Microcontroladores y microprocesadores/decrementoIncremento.X/decinc.asm



                              Symbols - Sorted by Address
                     Name    Address   Location    Storage File                     
                ---------  ---------  ---------  --------- ---------                
                   INICIO   0x000000    program     static /Users/pedroam/Documents/Microcontroladores y microprocesadores/decrementoIncremento.X/decinc.asm
                     PRIN   0x000006    program     static /Users/pedroam/Documents/Microcontroladores y microprocesadores/decrementoIncremento.X/decinc.asm
                 INC_CONT   0x00000c    program     static /Users/pedroam/Documents/Microcontroladores y microprocesadores/decrementoIncremento.X/decinc.asm
                 DEC_CONT   0x00000e    program     static /Users/pedroam/Documents/Microcontroladores y microprocesadores/decrementoIncremento.X/decinc.asm
                     TIME   0x000010    program     static /Users/pedroam/Documents/Microcontroladores y microprocesadores/decrementoIncremento.X/decinc.asm
                       TA   0x000012    program     static /Users/pedroam/Documents/Microcontroladores y microprocesadores/decrementoIncremento.X/decinc.asm
                       TB   0x000014    program     static /Users/pedroam/Documents/Microcontroladores y microprocesadores/decrementoIncremento.X/decinc.asm
                       TC   0x000016    program     static /Users/pedroam/Documents/Microcontroladores y microprocesadores/decrementoIncremento.X/decinc.asm


