MPLINK 5.08, LINKER
Linker Map File - Created Tue Mar 14 16:12:09 2017

                                 Section Info
                  Section       Type    Address   Location Size(Bytes)
                ---------  ---------  ---------  ---------  ---------
                   .org_0       code   0x000000    program   0x00002c
                   .cinit    romdata   0x000016    program   0x000004
.config_2007_BUILD/DEFAULT/PRODUCTION/B1.O       code   0x002007    program   0x000002



                              Program Memory Usage 
                               Start         End      
                           ---------   ---------      
                            0x000000    0x000017      
                            0x002007    0x002007      
            25 out of 1094 program addresses used, program memory utilization is 2%



                              Symbols - Sorted by Name
                     Name    Address   Location    Storage File                     
                ---------  ---------  ---------  --------- ---------                
                    BCD75   0x00000a    program     static /Users/pedroam/Documents/Microcontroladores y microprocesadores/BCD.X/B1.asm
                   INICIO   0x000000    program     static /Users/pedroam/Documents/Microcontroladores y microprocesadores/BCD.X/B1.asm
                     PRIN   0x000005    program     static /Users/pedroam/Documents/Microcontroladores y microprocesadores/BCD.X/B1.asm



                              Symbols - Sorted by Address
                     Name    Address   Location    Storage File                     
                ---------  ---------  ---------  --------- ---------                
                   INICIO   0x000000    program     static /Users/pedroam/Documents/Microcontroladores y microprocesadores/BCD.X/B1.asm
                     PRIN   0x000005    program     static /Users/pedroam/Documents/Microcontroladores y microprocesadores/BCD.X/B1.asm
                    BCD75   0x00000a    program     static /Users/pedroam/Documents/Microcontroladores y microprocesadores/BCD.X/B1.asm


