MPLINK 5.08, LINKER
Linker Map File - Created Fri Apr  7 13:53:41 2017

                                 Section Info
                  Section       Type    Address   Location Size(Bytes)
                ---------  ---------  ---------  ---------  ---------
                   .org_0       code   0x000000    program   0x00003a
                   .cinit    romdata   0x00001d    program   0x000004
.config_2007_BUILD/DEFAULT/DEBUG/EX1.O       code   0x002007    program   0x000002



                              Program Memory Usage 
                               Start         End      
                           ---------   ---------      
                            0x000000    0x00001e      
                            0x002007    0x002007      
            32 out of 1094 program addresses used, program memory utilization is 2%



                              Symbols - Sorted by Name
                     Name    Address   Location    Storage File                     
                ---------  ---------  ---------  --------- ---------                
                        A   0x00000b    program     static /Users/pedroam/Documents/Microcontroladores y microprocesadores/EXAMEN.X/ex1.asm
                     ALGO   0x000016    program     static /Users/pedroam/Documents/Microcontroladores y microprocesadores/EXAMEN.X/ex1.asm
                      CIR   0x000009    program     static /Users/pedroam/Documents/Microcontroladores y microprocesadores/EXAMEN.X/ex1.asm
                    CPORT   0x000012    program     static /Users/pedroam/Documents/Microcontroladores y microprocesadores/EXAMEN.X/ex1.asm
                   INICIO   0x000000    program     static /Users/pedroam/Documents/Microcontroladores y microprocesadores/EXAMEN.X/ex1.asm
                  SHOWSEC   0x000018    program     static /Users/pedroam/Documents/Microcontroladores y microprocesadores/EXAMEN.X/ex1.asm



                              Symbols - Sorted by Address
                     Name    Address   Location    Storage File                     
                ---------  ---------  ---------  --------- ---------                
                   INICIO   0x000000    program     static /Users/pedroam/Documents/Microcontroladores y microprocesadores/EXAMEN.X/ex1.asm
                      CIR   0x000009    program     static /Users/pedroam/Documents/Microcontroladores y microprocesadores/EXAMEN.X/ex1.asm
                        A   0x00000b    program     static /Users/pedroam/Documents/Microcontroladores y microprocesadores/EXAMEN.X/ex1.asm
                    CPORT   0x000012    program     static /Users/pedroam/Documents/Microcontroladores y microprocesadores/EXAMEN.X/ex1.asm
                     ALGO   0x000016    program     static /Users/pedroam/Documents/Microcontroladores y microprocesadores/EXAMEN.X/ex1.asm
                  SHOWSEC   0x000018    program     static /Users/pedroam/Documents/Microcontroladores y microprocesadores/EXAMEN.X/ex1.asm


