MPLINK 5.08, LINKER
Linker Map File - Created Wed May 10 13:43:47 2017

                                 Section Info
                  Section       Type    Address   Location Size(Bytes)
                ---------  ---------  ---------  ---------  ---------
                   .org_0       code   0x000000    program   0x000088
                   .cinit    romdata   0x000044    program   0x000004
.config_2007_BUILD/DEFAULT/DEBUG/TECLADOMAT.O       code   0x002007    program   0x000002



                              Program Memory Usage 
                               Start         End      
                           ---------   ---------      
                            0x000000    0x000045      
                            0x002007    0x002007      
            71 out of 1094 program addresses used, program memory utilization is 6%



                              Symbols - Sorted by Name
                     Name    Address   Location    Storage File                     
                ---------  ---------  ---------  --------- ---------                
       AplicacionDeCambio   0x000019    program     static /Users/pedroam/Documents/Microcontroladores y microprocesadores/tecladoMatricial.X/tecladomat.asm
           CambioDePrueba   0x00000c    program     static /Users/pedroam/Documents/Microcontroladores y microprocesadores/tecladoMatricial.X/tecladomat.asm
                   INICIO   0x000000    program     static /Users/pedroam/Documents/Microcontroladores y microprocesadores/tecladoMatricial.X/tecladomat.asm
                       N2   0x000031    program     static /Users/pedroam/Documents/Microcontroladores y microprocesadores/tecladoMatricial.X/tecladomat.asm
                  NUMBERS   0x000026    program     static /Users/pedroam/Documents/Microcontroladores y microprocesadores/tecladoMatricial.X/tecladomat.asm
                 PROGRAMA   0x000007    program     static /Users/pedroam/Documents/Microcontroladores y microprocesadores/tecladoMatricial.X/tecladomat.asm
                  SHOWLED   0x00001f    program     static /Users/pedroam/Documents/Microcontroladores y microprocesadores/tecladoMatricial.X/tecladomat.asm
                        ¡   0x000025    program     static /Users/pedroam/Documents/Microcontroladores y microprocesadores/tecladoMatricial.X/tecladomat.asm



                              Symbols - Sorted by Address
                     Name    Address   Location    Storage File                     
                ---------  ---------  ---------  --------- ---------                
                   INICIO   0x000000    program     static /Users/pedroam/Documents/Microcontroladores y microprocesadores/tecladoMatricial.X/tecladomat.asm
                 PROGRAMA   0x000007    program     static /Users/pedroam/Documents/Microcontroladores y microprocesadores/tecladoMatricial.X/tecladomat.asm
           CambioDePrueba   0x00000c    program     static /Users/pedroam/Documents/Microcontroladores y microprocesadores/tecladoMatricial.X/tecladomat.asm
       AplicacionDeCambio   0x000019    program     static /Users/pedroam/Documents/Microcontroladores y microprocesadores/tecladoMatricial.X/tecladomat.asm
                  SHOWLED   0x00001f    program     static /Users/pedroam/Documents/Microcontroladores y microprocesadores/tecladoMatricial.X/tecladomat.asm
                        ¡   0x000025    program     static /Users/pedroam/Documents/Microcontroladores y microprocesadores/tecladoMatricial.X/tecladomat.asm
                  NUMBERS   0x000026    program     static /Users/pedroam/Documents/Microcontroladores y microprocesadores/tecladoMatricial.X/tecladomat.asm
                       N2   0x000031    program     static /Users/pedroam/Documents/Microcontroladores y microprocesadores/tecladoMatricial.X/tecladomat.asm


