MPLINK 5.08, LINKER
Linker Map File - Created Tue Mar 14 13:27:30 2017

                                 Section Info
                  Section       Type    Address   Location Size(Bytes)
                ---------  ---------  ---------  ---------  ---------
                   .org_0       code   0x000000    program   0x00002e
                   .cinit    romdata   0x000017    program   0x000004
.config_2007_BUILD/DEFAULT/PRODUCTION/MM.O       code   0x002007    program   0x000002



                              Program Memory Usage 
                               Start         End      
                           ---------   ---------      
                            0x000000    0x000018      
                            0x002007    0x002007      
            26 out of 1094 program addresses used, program memory utilization is 2%



                              Symbols - Sorted by Name
                     Name    Address   Location    Storage File                     
                ---------  ---------  ---------  --------- ---------                
                   INICIO   0x000000    program     static /Users/pedroam/Documents/Microcontroladores y microprocesadores/MASMENOS.X/MM.asm
                 PROGRAMA   0x000003    program     static /Users/pedroam/Documents/Microcontroladores y microprocesadores/MASMENOS.X/MM.asm
                       TA   0x00000c    program     static /Users/pedroam/Documents/Microcontroladores y microprocesadores/MASMENOS.X/MM.asm
                       TB   0x00000e    program     static /Users/pedroam/Documents/Microcontroladores y microprocesadores/MASMENOS.X/MM.asm
                       TC   0x000010    program     static /Users/pedroam/Documents/Microcontroladores y microprocesadores/MASMENOS.X/MM.asm
                     TIME   0x00000a    program     static /Users/pedroam/Documents/Microcontroladores y microprocesadores/MASMENOS.X/MM.asm



                              Symbols - Sorted by Address
                     Name    Address   Location    Storage File                     
                ---------  ---------  ---------  --------- ---------                
                   INICIO   0x000000    program     static /Users/pedroam/Documents/Microcontroladores y microprocesadores/MASMENOS.X/MM.asm
                 PROGRAMA   0x000003    program     static /Users/pedroam/Documents/Microcontroladores y microprocesadores/MASMENOS.X/MM.asm
                     TIME   0x00000a    program     static /Users/pedroam/Documents/Microcontroladores y microprocesadores/MASMENOS.X/MM.asm
                       TA   0x00000c    program     static /Users/pedroam/Documents/Microcontroladores y microprocesadores/MASMENOS.X/MM.asm
                       TB   0x00000e    program     static /Users/pedroam/Documents/Microcontroladores y microprocesadores/MASMENOS.X/MM.asm
                       TC   0x000010    program     static /Users/pedroam/Documents/Microcontroladores y microprocesadores/MASMENOS.X/MM.asm


