MPLINK 5.08, LINKER
Linker Map File - Created Sun Jun 18 23:14:18 2017

                                 Section Info
                  Section       Type    Address   Location Size(Bytes)
                ---------  ---------  ---------  ---------  ---------
                   .org_0       code   0x000000    program   0x000050
                   .cinit    romdata   0x000028    program   0x000004
.config_2007_BUILD/DEFAULT/DEBUG/SEGUIDORA.O       code   0x002007    program   0x000002
.config_2008_BUILD/DEFAULT/DEBUG/SEGUIDORA.O       code   0x002008    program   0x000002



                              Program Memory Usage 
                               Start         End      
                           ---------   ---------      
                            0x000000    0x000029      
                            0x002007    0x002008      
            44 out of 8455 program addresses used, program memory utilization is 0%



                              Symbols - Sorted by Name
                     Name    Address   Location    Storage File                     
                ---------  ---------  ---------  --------- ---------                
                  GIRODER   0x000026    program     static /Users/pedroam/Documents/Microcontroladores y microprocesadores/seguidorDeLineas.X/seguidorA.asm
                  GIROIZQ   0x000024    program     static /Users/pedroam/Documents/Microcontroladores y microprocesadores/seguidorDeLineas.X/seguidorA.asm
                   INICIO   0x000000    program     static /Users/pedroam/Documents/Microcontroladores y microprocesadores/seguidorDeLineas.X/seguidorA.asm
                     PDER   0x00001d    program     static /Users/pedroam/Documents/Microcontroladores y microprocesadores/seguidorDeLineas.X/seguidorA.asm
                     PIZQ   0x000018    program     static /Users/pedroam/Documents/Microcontroladores y microprocesadores/seguidorDeLineas.X/seguidorA.asm
                       RC   0x00000c    program     static /Users/pedroam/Documents/Microcontroladores y microprocesadores/seguidorDeLineas.X/seguidorA.asm
                    RECTO   0x000014    program     static /Users/pedroam/Documents/Microcontroladores y microprocesadores/seguidorDeLineas.X/seguidorA.asm
                    SIGUE   0x000008    program     static /Users/pedroam/Documents/Microcontroladores y microprocesadores/seguidorDeLineas.X/seguidorA.asm



                              Symbols - Sorted by Address
                     Name    Address   Location    Storage File                     
                ---------  ---------  ---------  --------- ---------                
                   INICIO   0x000000    program     static /Users/pedroam/Documents/Microcontroladores y microprocesadores/seguidorDeLineas.X/seguidorA.asm
                    SIGUE   0x000008    program     static /Users/pedroam/Documents/Microcontroladores y microprocesadores/seguidorDeLineas.X/seguidorA.asm
                       RC   0x00000c    program     static /Users/pedroam/Documents/Microcontroladores y microprocesadores/seguidorDeLineas.X/seguidorA.asm
                    RECTO   0x000014    program     static /Users/pedroam/Documents/Microcontroladores y microprocesadores/seguidorDeLineas.X/seguidorA.asm
                     PIZQ   0x000018    program     static /Users/pedroam/Documents/Microcontroladores y microprocesadores/seguidorDeLineas.X/seguidorA.asm
                     PDER   0x00001d    program     static /Users/pedroam/Documents/Microcontroladores y microprocesadores/seguidorDeLineas.X/seguidorA.asm
                  GIROIZQ   0x000024    program     static /Users/pedroam/Documents/Microcontroladores y microprocesadores/seguidorDeLineas.X/seguidorA.asm
                  GIRODER   0x000026    program     static /Users/pedroam/Documents/Microcontroladores y microprocesadores/seguidorDeLineas.X/seguidorA.asm


