MPLINK 5.08, LINKER
Linker Map File - Created Tue May 16 08:52:31 2017

                                 Section Info
                  Section       Type    Address   Location Size(Bytes)
                ---------  ---------  ---------  ---------  ---------
                   .org_0       code   0x000000    program   0x000016
                   .cinit    romdata   0x00000b    program   0x000004
.config_2007_BUILD/DEFAULT/PRODUCTION/NEWASMT       code   0x002007    program   0x000002
.config_2008_BUILD/DEFAULT/PRODUCTION/NEWASMT       code   0x002008    program   0x000002



                              Program Memory Usage 
                               Start         End      
                           ---------   ---------      
                            0x000000    0x00000c      
                            0x002007    0x002008      
            15 out of 8455 program addresses used, program memory utilization is 0%



                              Symbols - Sorted by Name
                     Name    Address   Location    Storage File                     
                ---------  ---------  ---------  --------- ---------                
                   INICIO   0x000000    program     static /Users/pedroam/Documents/Microcontroladores y microprocesadores/prueba.X/newAsmTemplate.asm
                 Programa   0x000008    program     static /Users/pedroam/Documents/Microcontroladores y microprocesadores/prueba.X/newAsmTemplate.asm



                              Symbols - Sorted by Address
                     Name    Address   Location    Storage File                     
                ---------  ---------  ---------  --------- ---------                
                   INICIO   0x000000    program     static /Users/pedroam/Documents/Microcontroladores y microprocesadores/prueba.X/newAsmTemplate.asm
                 Programa   0x000008    program     static /Users/pedroam/Documents/Microcontroladores y microprocesadores/prueba.X/newAsmTemplate.asm


