MPLINK 5.08, LINKER
Linker Map File - Created Tue Mar 28 15:24:27 2017

                                 Section Info
                  Section       Type    Address   Location Size(Bytes)
                ---------  ---------  ---------  ---------  ---------
                   .org_0       code   0x000000    program   0x000064
                   .cinit    romdata   0x000032    program   0x000004
.config_2007_BUILD/DEFAULT/DEBUG/COMPS.O       code   0x002007    program   0x000002



                              Program Memory Usage 
                               Start         End      
                           ---------   ---------      
                            0x000000    0x000033      
                            0x002007    0x002007      
            53 out of 1094 program addresses used, program memory utilization is 4%



                              Symbols - Sorted by Name
                     Name    Address   Location    Storage File                     
                ---------  ---------  ---------  --------- ---------                
            COMPARACIONES   0x000018    program     static /Users/pedroam/Documents/Microcontroladores y microprocesadores/Comparaciones.X/comps.asm
        EliminadorRebotes   0x000029    program     static /Users/pedroam/Documents/Microcontroladores y microprocesadores/Comparaciones.X/comps.asm
                    IGUAL   0x000020    program     static /Users/pedroam/Documents/Microcontroladores y microprocesadores/Comparaciones.X/comps.asm
                   INICIO   0x000000    program     static /Users/pedroam/Documents/Microcontroladores y microprocesadores/Comparaciones.X/comps.asm
                    MAYOR   0x000023    program     static /Users/pedroam/Documents/Microcontroladores y microprocesadores/Comparaciones.X/comps.asm
                    MENOR   0x000026    program     static /Users/pedroam/Documents/Microcontroladores y microprocesadores/Comparaciones.X/comps.asm
                       PR   0x000008    program     static /Users/pedroam/Documents/Microcontroladores y microprocesadores/Comparaciones.X/comps.asm
                      PR2   0x00000d    program     static /Users/pedroam/Documents/Microcontroladores y microprocesadores/Comparaciones.X/comps.asm
                      PRB   0x000010    program     static /Users/pedroam/Documents/Microcontroladores y microprocesadores/Comparaciones.X/comps.asm
                     PRB2   0x000015    program     static /Users/pedroam/Documents/Microcontroladores y microprocesadores/Comparaciones.X/comps.asm
                     PRIN   0x000008    program     static /Users/pedroam/Documents/Microcontroladores y microprocesadores/Comparaciones.X/comps.asm
                  REGRESO   0x00001f    program     static /Users/pedroam/Documents/Microcontroladores y microprocesadores/Comparaciones.X/comps.asm
                       TB   0x00002b    program     static /Users/pedroam/Documents/Microcontroladores y microprocesadores/Comparaciones.X/comps.asm
                       TC   0x00002d    program     static /Users/pedroam/Documents/Microcontroladores y microprocesadores/Comparaciones.X/comps.asm



                              Symbols - Sorted by Address
                     Name    Address   Location    Storage File                     
                ---------  ---------  ---------  --------- ---------                
                   INICIO   0x000000    program     static /Users/pedroam/Documents/Microcontroladores y microprocesadores/Comparaciones.X/comps.asm
                       PR   0x000008    program     static /Users/pedroam/Documents/Microcontroladores y microprocesadores/Comparaciones.X/comps.asm
                     PRIN   0x000008    program     static /Users/pedroam/Documents/Microcontroladores y microprocesadores/Comparaciones.X/comps.asm
                      PR2   0x00000d    program     static /Users/pedroam/Documents/Microcontroladores y microprocesadores/Comparaciones.X/comps.asm
                      PRB   0x000010    program     static /Users/pedroam/Documents/Microcontroladores y microprocesadores/Comparaciones.X/comps.asm
                     PRB2   0x000015    program     static /Users/pedroam/Documents/Microcontroladores y microprocesadores/Comparaciones.X/comps.asm
            COMPARACIONES   0x000018    program     static /Users/pedroam/Documents/Microcontroladores y microprocesadores/Comparaciones.X/comps.asm
                  REGRESO   0x00001f    program     static /Users/pedroam/Documents/Microcontroladores y microprocesadores/Comparaciones.X/comps.asm
                    IGUAL   0x000020    program     static /Users/pedroam/Documents/Microcontroladores y microprocesadores/Comparaciones.X/comps.asm
                    MAYOR   0x000023    program     static /Users/pedroam/Documents/Microcontroladores y microprocesadores/Comparaciones.X/comps.asm
                    MENOR   0x000026    program     static /Users/pedroam/Documents/Microcontroladores y microprocesadores/Comparaciones.X/comps.asm
        EliminadorRebotes   0x000029    program     static /Users/pedroam/Documents/Microcontroladores y microprocesadores/Comparaciones.X/comps.asm
                       TB   0x00002b    program     static /Users/pedroam/Documents/Microcontroladores y microprocesadores/Comparaciones.X/comps.asm
                       TC   0x00002d    program     static /Users/pedroam/Documents/Microcontroladores y microprocesadores/Comparaciones.X/comps.asm


